// Jest Snapshot v1, https://goo.gl/fbAQLP

exports[`StatisticsChartsList should render no panels for empty data 1`] = `
<div
  className="statistics-charts-list-root cards-pf"
>
  0
</div>
`;
