// Jest Snapshot v1, https://goo.gl/fbAQLP

exports[`PasswordStrength integration test should flow: initial state 1`] = `
Object {
  "passwordStrength": Object {
    "password": "",
    "passwordConfirmation": "",
  },
}
`;
