// Jest Snapshot v1, https://goo.gl/fbAQLP

exports[`StatisticsPage rendering render with props 1`] = `
<PageLayout
  breadcrumbOptions={null}
  customBreadcrumbs={null}
  header="Statistics"
  onBookmarkClick={[Function]}
  onSearch={[Function]}
  searchProps={Object {}}
  searchQuery=""
  searchable={false}
  toastNotifications={null}
  toolbarButtons={null}
>
  <Component
    charts={
      Array [
        Object {
          "data": Array [
            Array [
              "centOS 7.1",
              6,
            ],
          ],
          "id": "operatingsystem",
          "search": "/hosts?search=os_title=~VAL~",
          "title": "OS Distribution",
          "url": "statistics/operatingsystem",
        },
      ]
    }
    getStatisticsData={[Function]}
    getStatisticsMeta={[Function]}
    hasData={true}
    hasError={false}
    isLoading={false}
    message={Object {}}
    statisticsMeta={
      Array [
        Object {
          "id": "operatingsystem",
          "search": "/hosts?search=os_title=~VAL~",
          "title": "OS Distribution",
          "url": "statistics/operatingsystem",
        },
        Object {
          "id": "architecture",
          "search": "/hosts?search=facts.architecture=~VAL~",
          "title": "Architecture Distribution",
          "url": "statistics/architecture",
        },
      ]
    }
  />
</PageLayout>
`;
